
> zn-battery-lab@0.1.0 build
> next build

   鈻?Next.js 14.1.0
   - Environments: .env.local

   Creating an optimized production build ...
 鉁?Compiled successfully
   Linting and checking validity of types ...
node.exe : Failed to compile.
所在位置 行:1 字符: 1
+ & "D:\node/node.exe" "D:\node/
node_modules/npm/bin/npm-cli.js"
 run bu ...
+ ~~~~~~~~~~~~~~~~~~~~~~~~~~~~~~
~~~~~~~~~~~~~~~~~~~~~~~~~~~~~~~~
~~~~~~~
    + CategoryInfo          : N 
   otSpecified: (Failed to com  
  pile.:String) [], RemoteExc   
 eption
    + FullyQualifiedErrorId : N 
   ativeCommandError
 

./app/layout.tsx:15:21
Type error: Namespace 'React' ha
s no exported member 'Node'.

[0m [90m 13 |[39m     childre
n[33m,[39m[0m
[0m [90m 14 |[39m }[33m:[39
m [33mReadonly[39m[33m<[39m{
[0m
[0m[31m[1m>[22m[39m[90m 15
 |[39m     children[33m:[39m 
[33mReact[39m[33m.[39m[33mN
ode[39m[33m;[39m[0m
[0m [90m    |[39m            
         [31m[1m^[22m[39m[0
m
[0m [90m 16 |[39m }[33m>[39
m) {[0m
[0m [90m 17 |[39m     [36mre
turn[39m ([0m
[0m [90m 18 |[39m         [3
3m<[39m[33mhtml[39m lang[33m
=[39m[32m"zh-CN"[39m[33m>[3
9m[0m
